Copyright 1986-2014 Xilinx, Inc. All Rights Reserved.
-----------------------------------------------------------------------------------
| Tool Version : Vivado v.2014.2 (win64) Build 932637 Wed Jun 11 13:30:22 MDT 2014
| Date         : Mon Jun 25 23:05:44 2018
| Host         :  running 64-bit major release  (build 9200)
| Command      : report_clock_utilization -file Show_clock_utilization_placed.rpt
| Design       : Show
| Device       : xc7a35t
-----------------------------------------------------------------------------------

Clock Utilization Report

Table of Contents
-----------------
1. Clock Primitive Utilization
2. Details of Global Clocks
3. Details of Regional Clocks
4. Details of Multi-Regional Clocks
5. Details of I/O Clocks
6. Details of Local Clocks
7. Clock Regions : Key Resource Utilization
8. Net wise resources used in clock region X1Y0
9. Net wise resources used in clock region X0Y1
10. Net wise resources used in clock region X1Y1
11. Net wise resources used in clock region X0Y2

1. Clock Primitive Utilization
------------------------------

+-------+------+-----------+-----------+
| Type  | Used | Available | Num Fixed |
+-------+------+-----------+-----------+
| BUFG  |    2 |        32 |         0 |
| BUFH  |    0 |        72 |         0 |
| BUFIO |    0 |        20 |         0 |
| MMCM  |    0 |         5 |         0 |
| PLL   |    0 |         5 |         0 |
| BUFR  |    0 |        20 |         0 |
| BUFMR |    0 |        10 |         0 |
+-------+------+-----------+-----------+


2. Details of Global Clocks
---------------------------

+-------+---------------------+----------------+--------------+-------+---------------+-----------+
|       |                     |                |   Num Loads  |       |               |           |
+-------+---------------------+----------------+------+-------+-------+---------------+-----------+
| Index | BUFG Cell           | Net Name       | BELs | Sites | Fixed | MaxDelay (ns) | Skew (ns) |
+-------+---------------------+----------------+------+-------+-------+---------------+-----------+
|     1 | CLK2_IBUF_BUFG_inst | CLK2_IBUF_BUFG |   80 |    24 |    no |         1.745 |     0.196 |
|     2 | CLK_BUFG_inst       | CLK_BUFG       |  300 |   122 |    no |         1.896 |     0.345 |
+-------+---------------------+----------------+------+-------+-------+---------------+-----------+


3. Details of Regional Clocks
-----------------------------

4. Details of Multi-Regional Clocks
-----------------------------------

5. Details of I/O Clocks
------------------------

6. Details of Local Clocks
--------------------------

+-------+---------------------------------------------------------------+-------------------------------------------------+--------------+-------+---------------+-----------+
|       |                                                               |                                                 |   Num Loads  |       |               |           |
+-------+---------------------------------------------------------------+-------------------------------------------------+------+-------+-------+---------------+-----------+
| Index | Local Clk Src                                                 | Net Name                                        | BELs | Sites | Fixed | MaxDelay (ns) | Skew (ns) |
+-------+---------------------------------------------------------------+-------------------------------------------------+------+-------+-------+---------------+-----------+
|     1 | div/clk_sys_reg                                               | div/clk                                         |    3 |     3 |    no |         0.733 |     0.451 |
|     2 | nolabel_line39/myControlUnit/myDFlipFlop/Nextstate_reg[2]_i_2 | nolabel_line39/myControlUnit/myDFlipFlop/E[0]   |    3 |     2 |    no |         1.284 |     0.489 |
|     3 | nolabel_line39/myIR/ALUOp_reg[2]_i_2                          | nolabel_line39/myIR/I237[0]                     |    3 |     1 |    no |         0.872 |     0.066 |
|     4 | nolabel_line39/myALUoutDR/ram_reg[53][7]_i_2                  | nolabel_line39/myALUoutDR/E[0]                  |    8 |     3 |    no |         1.074 |     0.213 |
|     5 | nolabel_line39/myALUoutDR/ram_reg[51][7]_i_2                  | nolabel_line39/myALUoutDR/O14[0]                |    8 |     3 |    no |         0.882 |     0.146 |
|     6 | nolabel_line39/myALUoutDR/ram_reg[60][7]_i_2                  | nolabel_line39/myALUoutDR/O15[0]                |    8 |     6 |    no |         1.287 |     0.259 |
|     7 | nolabel_line39/myALUoutDR/ram_reg[43][7]_i_2                  | nolabel_line39/myALUoutDR/O16[0]                |    8 |     5 |    no |         1.252 |     0.523 |
|     8 | nolabel_line39/myALUoutDR/ram_reg[27][7]_i_2                  | nolabel_line39/myALUoutDR/O21[0]                |    8 |     6 |    no |         0.884 |     0.334 |
|     9 | nolabel_line39/myALUoutDR/ram_reg[57][7]_i_2                  | nolabel_line39/myALUoutDR/O22[0]                |    8 |     3 |    no |         0.966 |     0.253 |
|    10 | nolabel_line39/myALUoutDR/ram_reg[15][7]_i_2                  | nolabel_line39/myALUoutDR/O23[0]                |    8 |     6 |    no |         1.236 |     0.478 |
|    11 | nolabel_line39/myALUoutDR/ram_reg[0][7]_i_2                   | nolabel_line39/myALUoutDR/O24[0]                |    8 |     4 |    no |         0.891 |     0.294 |
|    12 | nolabel_line39/myALUoutDR/ram_reg[31][7]_i_2                  | nolabel_line39/myALUoutDR/O25[0]                |    8 |     3 |    no |         1.104 |     0.459 |
|    13 | nolabel_line39/myALUoutDR/ram_reg[23][7]_i_2                  | nolabel_line39/myALUoutDR/O26[0]                |    8 |     5 |    no |         0.941 |     0.338 |
|    14 | nolabel_line39/myALUoutDR/ram_reg[49][7]_i_2                  | nolabel_line39/myALUoutDR/O27[0]                |    8 |     4 |    no |         1.007 |     0.321 |
|    15 | nolabel_line39/myALUoutDR/ram_reg[32][7]_i_2                  | nolabel_line39/myALUoutDR/O29[0]                |    8 |     4 |    no |         1.246 |     0.216 |
|    16 | nolabel_line39/myALUoutDR/ram_reg[41][7]_i_2                  | nolabel_line39/myALUoutDR/O30[0]                |    8 |     4 |    no |         1.113 |     0.279 |
|    17 | nolabel_line39/myALUoutDR/ram_reg[33][7]_i_2                  | nolabel_line39/myALUoutDR/O33[0]                |    8 |     6 |    no |         0.888 |     0.344 |
|    18 | nolabel_line39/myALUoutDR/ram_reg[16][7]_i_2                  | nolabel_line39/myALUoutDR/O35[0]                |    8 |     6 |    no |         1.417 |     0.382 |
|    19 | nolabel_line39/myALUoutDR/ram_reg[22][7]_i_2                  | nolabel_line39/myALUoutDR/O38[0]                |    8 |     4 |    no |         1.291 |     0.164 |
|    20 | nolabel_line39/myALUoutDR/ram_reg[35][7]_i_2                  | nolabel_line39/myALUoutDR/O39[0]                |    8 |     5 |    no |         1.071 |     0.371 |
|    21 | nolabel_line39/myALUoutDR/ram_reg[11][7]_i_2                  | nolabel_line39/myALUoutDR/O42[0]                |    8 |     7 |    no |         1.274 |     0.418 |
|    22 | nolabel_line39/myALUoutDR/ram_reg[8][7]_i_2                   | nolabel_line39/myALUoutDR/O44[0]                |    8 |     3 |    no |         1.071 |     0.208 |
|    23 | nolabel_line39/myALUoutDR/ram_reg[7][7]_i_2                   | nolabel_line39/myALUoutDR/O45[0]                |    8 |     5 |    no |         1.133 |     0.223 |
|    24 | nolabel_line39/myControlUnit/myDFlipFlop/ram_reg[47][7]_i_2   | nolabel_line39/myControlUnit/myDFlipFlop/O24[0] |    8 |     5 |    no |         0.958 |     0.409 |
|    25 | nolabel_line39/myControlUnit/myDFlipFlop/ram_reg[58][7]_i_2   | nolabel_line39/myControlUnit/myDFlipFlop/O25[0] |    8 |     7 |    no |         1.319 |     0.431 |
|    26 | nolabel_line39/myControlUnit/myDFlipFlop/ram_reg[46][7]_i_2   | nolabel_line39/myControlUnit/myDFlipFlop/O26[0] |    8 |     3 |    no |         1.409 |     0.283 |
|    27 | nolabel_line39/myControlUnit/myDFlipFlop/ram_reg[45][7]_i_2   | nolabel_line39/myControlUnit/myDFlipFlop/O27[0] |    8 |     4 |    no |         1.056 |     0.341 |
|    28 | nolabel_line39/myControlUnit/myDFlipFlop/ram_reg[30][7]_i_2   | nolabel_line39/myControlUnit/myDFlipFlop/O28[0] |    8 |     6 |    no |         1.318 |     0.232 |
|    29 | nolabel_line39/myControlUnit/myDFlipFlop/ram_reg[29][7]_i_2   | nolabel_line39/myControlUnit/myDFlipFlop/O29[0] |    8 |     3 |    no |         0.875 |     0.192 |
|    30 | nolabel_line39/myControlUnit/myDFlipFlop/ram_reg[59][7]_i_2   | nolabel_line39/myControlUnit/myDFlipFlop/O30[0] |    8 |     4 |    no |         1.111 |     0.567 |
|    31 | nolabel_line39/myControlUnit/myDFlipFlop/ram_reg[55][7]_i_2   | nolabel_line39/myControlUnit/myDFlipFlop/O31[0] |    8 |     3 |    no |         1.510 |     0.189 |
|    32 | nolabel_line39/myControlUnit/myDFlipFlop/ram_reg[39][7]_i_2   | nolabel_line39/myControlUnit/myDFlipFlop/O32[0] |    8 |     4 |    no |         0.976 |     0.201 |
|    33 | nolabel_line39/myControlUnit/myDFlipFlop/ram_reg[44][7]_i_2   | nolabel_line39/myControlUnit/myDFlipFlop/O33[0] |    8 |     4 |    no |         1.101 |     0.414 |
|    34 | nolabel_line39/myControlUnit/myDFlipFlop/ram_reg[42][7]_i_2   | nolabel_line39/myControlUnit/myDFlipFlop/O34[0] |    8 |     5 |    no |         1.053 |     0.146 |
|    35 | nolabel_line39/myControlUnit/myDFlipFlop/ram_reg[38][7]_i_2   | nolabel_line39/myControlUnit/myDFlipFlop/O35[0] |    8 |     7 |    no |         1.398 |     0.234 |
|    36 | nolabel_line39/myControlUnit/myDFlipFlop/ram_reg[56][7]_i_2   | nolabel_line39/myControlUnit/myDFlipFlop/O36[0] |    8 |     5 |    no |         1.370 |     0.345 |
|    37 | nolabel_line39/myControlUnit/myDFlipFlop/ram_reg[40][7]_i_2   | nolabel_line39/myControlUnit/myDFlipFlop/O37[0] |    8 |     4 |    no |         1.050 |     0.148 |
|    38 | nolabel_line39/myControlUnit/myDFlipFlop/ram_reg[28][7]_i_2   | nolabel_line39/myControlUnit/myDFlipFlop/O38[0] |    8 |     6 |    no |         1.410 |     0.473 |
|    39 | nolabel_line39/myControlUnit/myDFlipFlop/ram_reg[26][7]_i_2   | nolabel_line39/myControlUnit/myDFlipFlop/O39[0] |    8 |     5 |    no |         1.138 |     0.216 |
|    40 | nolabel_line39/myControlUnit/myDFlipFlop/ram_reg[25][7]_i_2   | nolabel_line39/myControlUnit/myDFlipFlop/O40[0] |    8 |     5 |    no |         1.140 |     0.303 |
|    41 | nolabel_line39/myControlUnit/myDFlipFlop/ram_reg[36][7]_i_2   | nolabel_line39/myControlUnit/myDFlipFlop/O41[0] |    8 |     5 |    no |         0.970 |     0.231 |
|    42 | nolabel_line39/myControlUnit/myDFlipFlop/ram_reg[20][7]_i_2   | nolabel_line39/myControlUnit/myDFlipFlop/O42[0] |    8 |     4 |    no |         1.186 |     0.211 |
|    43 | nolabel_line39/myControlUnit/myDFlipFlop/ram_reg[48][7]_i_2   | nolabel_line39/myControlUnit/myDFlipFlop/O43[0] |    8 |     7 |    no |         1.477 |     0.205 |
|    44 | nolabel_line39/myControlUnit/myDFlipFlop/ram_reg[34][7]_i_2   | nolabel_line39/myControlUnit/myDFlipFlop/O44[0] |    8 |     5 |    no |         1.352 |     0.254 |
|    45 | nolabel_line39/myControlUnit/myDFlipFlop/ram_reg[18][7]_i_2   | nolabel_line39/myControlUnit/myDFlipFlop/O45[0] |    8 |     5 |    no |         1.408 |     0.223 |
|    46 | nolabel_line39/myControlUnit/myDFlipFlop/ram_reg[17][7]_i_2   | nolabel_line39/myControlUnit/myDFlipFlop/O46[0] |    8 |     6 |    no |         1.131 |     0.216 |
|    47 | nolabel_line39/myControlUnit/myDFlipFlop/ram_reg[24][7]_i_2   | nolabel_line39/myControlUnit/myDFlipFlop/O47[0] |    8 |     5 |    no |         1.250 |     0.378 |
|    48 | nolabel_line39/myControlUnit/myDFlipFlop/ram_reg[10][7]_i_2   | nolabel_line39/myControlUnit/myDFlipFlop/O48[0] |    8 |     4 |    no |         1.168 |     0.206 |
|    49 | nolabel_line39/myControlUnit/myDFlipFlop/ram_reg[52][7]_i_2   | nolabel_line39/myControlUnit/myDFlipFlop/O49[0] |    8 |     3 |    no |         1.233 |     0.254 |
|    50 | nolabel_line39/myControlUnit/myDFlipFlop/ram_reg[54][7]_i_2   | nolabel_line39/myControlUnit/myDFlipFlop/O4[0]  |    8 |     4 |    no |         1.239 |     0.368 |
|    51 | nolabel_line39/myControlUnit/myDFlipFlop/ram_reg[50][7]_i_2   | nolabel_line39/myControlUnit/myDFlipFlop/O50[0] |    8 |     6 |    no |         1.563 |     0.447 |
|    52 | nolabel_line39/myControlUnit/myDFlipFlop/ram_reg[19][7]_i_2   | nolabel_line39/myControlUnit/myDFlipFlop/O51[0] |    8 |     5 |    no |         0.924 |     0.238 |
|    53 | nolabel_line39/myControlUnit/myDFlipFlop/ram_reg[37][7]_i_2   | nolabel_line39/myControlUnit/myDFlipFlop/O52[0] |    8 |     5 |    no |         0.908 |     0.223 |
|    54 | nolabel_line39/myControlUnit/myDFlipFlop/ram_reg[21][7]_i_2   | nolabel_line39/myControlUnit/myDFlipFlop/O53[0] |    8 |     6 |    no |         1.039 |     0.252 |
|    55 | nolabel_line39/myControlUnit/myDFlipFlop/ram_reg[4][7]_i_2    | nolabel_line39/myControlUnit/myDFlipFlop/O54[0] |    8 |     4 |    no |         1.139 |     0.208 |
|    56 | nolabel_line39/myControlUnit/myDFlipFlop/ram_reg[14][7]_i_2   | nolabel_line39/myControlUnit/myDFlipFlop/O55[0] |    8 |     5 |    no |         1.114 |     0.248 |
|    57 | nolabel_line39/myControlUnit/myDFlipFlop/ram_reg[6][7]_i_2    | nolabel_line39/myControlUnit/myDFlipFlop/O56[0] |    8 |     4 |    no |         1.266 |     0.309 |
|    58 | nolabel_line39/myControlUnit/myDFlipFlop/ram_reg[5][7]_i_2    | nolabel_line39/myControlUnit/myDFlipFlop/O57[0] |    8 |     7 |    no |         1.169 |     0.349 |
|    59 | nolabel_line39/myControlUnit/myDFlipFlop/ram_reg[13][7]_i_2   | nolabel_line39/myControlUnit/myDFlipFlop/O58[0] |    8 |     5 |    no |         1.093 |     0.383 |
|    60 | nolabel_line39/myControlUnit/myDFlipFlop/ram_reg[12][7]_i_2   | nolabel_line39/myControlUnit/myDFlipFlop/O59[0] |    8 |     6 |    no |         1.185 |     0.264 |
|    61 | nolabel_line39/myControlUnit/myDFlipFlop/ram_reg[9][7]_i_2    | nolabel_line39/myControlUnit/myDFlipFlop/O60[0] |    8 |     4 |    no |         0.935 |     0.391 |
|    62 | nolabel_line39/myControlUnit/myDFlipFlop/ram_reg[3][7]_i_2    | nolabel_line39/myControlUnit/myDFlipFlop/O61[0] |    8 |     4 |    no |         0.970 |     0.182 |
|    63 | nolabel_line39/myControlUnit/myDFlipFlop/ram_reg[2][7]_i_2    | nolabel_line39/myControlUnit/myDFlipFlop/O62[0] |    8 |     4 |    no |         1.185 |     0.180 |
|    64 | nolabel_line39/myControlUnit/myDFlipFlop/ram_reg[1][7]_i_2    | nolabel_line39/myControlUnit/myDFlipFlop/O63[0] |    8 |     7 |    no |         0.973 |     0.282 |
+-------+---------------------------------------------------------------+-------------------------------------------------+------+-------+-------+---------------+-----------+


7. Clock Regions : Key Resource Utilization
-------------------------------------------

+-------------------+--------------+--------------+--------------+--------------+--------------+--------------+--------------+--------------+--------------+--------------+--------------+--------------+--------------+--------------+--------------+
|                   | Global Clock |     BUFRs    |    BUFMRs    |    BUFIOs    |     MMCM     |      PLL     |      GT      |      PCI     |    ILOGIC    |    OLOGIC    |      FF      |     LUTM     |    RAMB18    |    RAMB36    |    DSP48E1   |
+-------------------+------+-------+------+-------+------+-------+------+-------+------+-------+------+-------+------+-------+------+-------+------+-------+------+-------+------+-------+------+-------+------+-------+------+-------+------+-------+
| Clock Region Name | Used | Avail | Used | Avail | Used | Avail | Used | Avail | Used | Avail | Used | Avail | Used | Avail | Used | Avail | Used | Avail | Used | Avail | Used | Avail | Used | Avail | Used | Avail | Used | Avail | Used | Avail |
+-------------------+------+-------+------+-------+------+-------+------+-------+------+-------+------+-------+------+-------+------+-------+------+-------+------+-------+------+-------+------+-------+------+-------+------+-------+------+-------+
| X0Y0              |    0 |    12 |    0 |     4 |    0 |     2 |    0 |     4 |    0 |     1 |    0 |     1 |    0 |     0 |    0 |     0 |    0 |    50 |    0 |    50 |    0 |  9600 |    0 |  1600 |    0 |    20 |    0 |    10 |    0 |    20 |
| X1Y0              |    1 |    12 |    0 |     4 |    0 |     2 |    0 |     4 |    0 |     1 |    0 |     1 |    0 |     0 |    0 |     0 |    0 |    50 |    0 |    50 |   20 | 12000 |    0 |  1800 |    0 |    40 |    0 |    20 |    0 |    20 |
| X0Y1              |    2 |    12 |    0 |     4 |    0 |     2 |    0 |     4 |    0 |     1 |    0 |     1 |    0 |     0 |    0 |     0 |    0 |    50 |    0 |    50 |  237 |  9600 |   96 |  1600 |    0 |    20 |    0 |    10 |    0 |    20 |
| X1Y1              |    1 |    12 |    0 |     4 |    0 |     2 |    0 |     4 |    0 |     1 |    0 |     1 |    0 |     0 |    0 |     0 |    0 |    50 |    0 |    50 |   29 | 12000 |    0 |  1800 |    0 |    40 |    0 |    20 |    0 |    20 |
| X0Y2              |    1 |    12 |    0 |     4 |    0 |     2 |    0 |     4 |    0 |     1 |    0 |     1 |    0 |     0 |    0 |     0 |    0 |    50 |    0 |    50 |  494 | 14400 |    0 |  1600 |    0 |    20 |    0 |    10 |    0 |    20 |
| X1Y2              |    0 |    12 |    0 |     0 |    0 |     0 |    0 |     0 |    0 |     0 |    0 |     0 |    0 |     5 |    0 |     1 |    0 |     0 |    0 |     0 |    0 |  7600 |    0 |  1200 |    0 |    10 |    0 |     5 |    0 |    20 |
+-------------------+------+-------+------+-------+------+-------+------+-------+------+-------+------+-------+------+-------+------+-------+------+-------+------+-------+------+-------+------+-------+------+-------+------+-------+------+-------+
* RAMB36 site can be used as two RAMB18/FIFO18 sites


8. Net wise resources used in clock region X1Y0
-----------------------------------------------

+-------------+-------------+-------+-----------+----------+---------+-----------+---------+---------+-----+-------+----------+----------------+
| Source Type | BUFHCE Site | Fixed | MMCM Pins | PLL Pins | GT Pins | BRAM Pins | ILOGICs | OLOGICs | FFs | LUTMs | DSP48E1s | Clock Net Name |
+-------------+-------------+-------+-----------+----------+---------+-----------+---------+---------+-----+-------+----------+----------------+
| BUFG        |     ---     |   no  |         0 |        0 |       0 |         0 |       0 |       0 |  20 |     0 |        0 | CLK2_IBUF_BUFG |
+-------------+-------------+-------+-----------+----------+---------+-----------+---------+---------+-----+-------+----------+----------------+


9. Net wise resources used in clock region X0Y1
-----------------------------------------------

+-------------+-------------+-------+-----------+----------+---------+-----------+---------+---------+-----+-------+----------+----------------+
| Source Type | BUFHCE Site | Fixed | MMCM Pins | PLL Pins | GT Pins | BRAM Pins | ILOGICs | OLOGICs | FFs | LUTMs | DSP48E1s | Clock Net Name |
+-------------+-------------+-------+-----------+----------+---------+-----------+---------+---------+-----+-------+----------+----------------+
| BUFG        |     ---     |   no  |         0 |        0 |       0 |         0 |       0 |       0 |  31 |     0 |        0 | CLK2_IBUF_BUFG |
| BUFG        |     ---     |   no  |         0 |        0 |       0 |         0 |       0 |       0 | 198 |    96 |        0 | CLK_BUFG       |
+-------------+-------------+-------+-----------+----------+---------+-----------+---------+---------+-----+-------+----------+----------------+


10. Net wise resources used in clock region X1Y1
------------------------------------------------

+-------------+-------------+-------+-----------+----------+---------+-----------+---------+---------+-----+-------+----------+----------------+
| Source Type | BUFHCE Site | Fixed | MMCM Pins | PLL Pins | GT Pins | BRAM Pins | ILOGICs | OLOGICs | FFs | LUTMs | DSP48E1s | Clock Net Name |
+-------------+-------------+-------+-----------+----------+---------+-----------+---------+---------+-----+-------+----------+----------------+
| BUFG        |     ---     |   no  |         0 |        0 |       0 |         0 |       0 |       0 |  29 |     0 |        0 | CLK2_IBUF_BUFG |
+-------------+-------------+-------+-----------+----------+---------+-----------+---------+---------+-----+-------+----------+----------------+


11. Net wise resources used in clock region X0Y2
------------------------------------------------

+-------------+-------------+-------+-----------+----------+---------+-----------+---------+---------+-----+-------+----------+----------------+
| Source Type | BUFHCE Site | Fixed | MMCM Pins | PLL Pins | GT Pins | BRAM Pins | ILOGICs | OLOGICs | FFs | LUTMs | DSP48E1s | Clock Net Name |
+-------------+-------------+-------+-----------+----------+---------+-----------+---------+---------+-----+-------+----------+----------------+
| BUFG        |     ---     |   no  |         0 |        0 |       0 |         0 |       0 |       0 |   6 |     0 |        0 | CLK_BUFG       |
+-------------+-------------+-------+-----------+----------+---------+-----------+---------+---------+-----+-------+----------+----------------+



# Location of BUFG Primitives 
set_property LOC BUFGCTRL_X0Y1 [get_cells CLK2_IBUF_BUFG_inst]
set_property LOC BUFGCTRL_X0Y0 [get_cells CLK_BUFG_inst]

# Location of IO Clock Primitives

# Location of MMCM Clock Primitives

# Location of BUFH Clock Primitives

# Location of BUFR Clock Primitives

# Location of BUFMR Clock Primitives

# Location of PLL Clock Primitives

# Location of IO Primitives which is load of clock spine

# Location of clock ports
set_property LOC IOB_X1Y26 [get_ports CLK2]

# Clock net "CLK2_IBUF_BUFG" driven by instance "CLK2_IBUF_BUFG_inst" located at site "BUFGCTRL_X0Y1"
#startgroup
create_pblock CLKAG_CLK2_IBUF_BUFG
add_cells_to_pblock [get_pblocks  CLKAG_CLK2_IBUF_BUFG] [get_cells  -filter { IS_PRIMITIVE==1 && PRIMITIVE_LEVEL !=INTERNAL } -of_object [get_pins -filter {DIRECTION==IN} -of_objects [get_nets -hierarchical -filter {PARENT=="CLK2_IBUF_BUFG"}]]]
resize_pblock [get_pblocks CLKAG_CLK2_IBUF_BUFG] -add {CLOCKREGION_X0Y1:CLOCKREGION_X0Y1 CLOCKREGION_X1Y0:CLOCKREGION_X1Y0 CLOCKREGION_X1Y1:CLOCKREGION_X1Y1}
#endgroup

# Clock net "CLK_BUFG" driven by instance "CLK_BUFG_inst" located at site "BUFGCTRL_X0Y0"
#startgroup
create_pblock CLKAG_CLK_BUFG
add_cells_to_pblock [get_pblocks  CLKAG_CLK_BUFG] [get_cells  -filter { IS_PRIMITIVE==1 && PRIMITIVE_LEVEL !=INTERNAL } -of_object [get_pins -filter {DIRECTION==IN} -of_objects [get_nets -hierarchical -filter {PARENT=="CLK_BUFG"}]]]
resize_pblock [get_pblocks CLKAG_CLK_BUFG] -add {CLOCKREGION_X0Y1:CLOCKREGION_X0Y1 CLOCKREGION_X0Y2:CLOCKREGION_X0Y2}
#endgroup

# Clock net "div/clk" driven by instance "div/clk_sys_reg" located at site "SLICE_X13Y73"
#startgroup
create_pblock CLKAG_div/clk
add_cells_to_pblock [get_pblocks  CLKAG_div/clk] [get_cells  -filter { IS_PRIMITIVE==1 && PRIMITIVE_LEVEL !=INTERNAL } -of_object [get_pins -filter {DIRECTION==IN} -of_objects [get_nets -hierarchical -filter {PARENT=="div/clk"}]]]
resize_pblock [get_pblocks CLKAG_div/clk] -add {CLOCKREGION_X0Y1:CLOCKREGION_X0Y1}
#endgroup

# Clock net "nolabel_line39/myALUoutDR/E[0]" driven by instance "nolabel_line39/myALUoutDR/ram_reg[53][7]_i_2" located at site "SLICE_X19Y115"
#startgroup
create_pblock CLKAG_nolabel_line39/myALUoutDR/E[0]
add_cells_to_pblock [get_pblocks  CLKAG_nolabel_line39/myALUoutDR/E[0]] [get_cells  -filter { IS_PRIMITIVE==1 && PRIMITIVE_LEVEL !=INTERNAL } -of_object [get_pins -filter {DIRECTION==IN} -of_objects [get_nets -hierarchical -filter {PARENT=="nolabel_line39/myALUoutDR/E[0]"}]]]
resize_pblock [get_pblocks CLKAG_nolabel_line39/myALUoutDR/E[0]] -add {CLOCKREGION_X0Y2:CLOCKREGION_X0Y2}
#endgroup

# Clock net "nolabel_line39/myALUoutDR/O14[0]" driven by instance "nolabel_line39/myALUoutDR/ram_reg[51][7]_i_2" located at site "SLICE_X15Y112"
#startgroup
create_pblock CLKAG_nolabel_line39/myALUoutDR/O14[0]
add_cells_to_pblock [get_pblocks  CLKAG_nolabel_line39/myALUoutDR/O14[0]] [get_cells  -filter { IS_PRIMITIVE==1 && PRIMITIVE_LEVEL !=INTERNAL } -of_object [get_pins -filter {DIRECTION==IN} -of_objects [get_nets -hierarchical -filter {PARENT=="nolabel_line39/myALUoutDR/O14[0]"}]]]
resize_pblock [get_pblocks CLKAG_nolabel_line39/myALUoutDR/O14[0]] -add {CLOCKREGION_X0Y2:CLOCKREGION_X0Y2}
#endgroup

# Clock net "nolabel_line39/myALUoutDR/O15[0]" driven by instance "nolabel_line39/myALUoutDR/ram_reg[60][7]_i_2" located at site "SLICE_X10Y113"
#startgroup
create_pblock CLKAG_nolabel_line39/myALUoutDR/O15[0]
add_cells_to_pblock [get_pblocks  CLKAG_nolabel_line39/myALUoutDR/O15[0]] [get_cells  -filter { IS_PRIMITIVE==1 && PRIMITIVE_LEVEL !=INTERNAL } -of_object [get_pins -filter {DIRECTION==IN} -of_objects [get_nets -hierarchical -filter {PARENT=="nolabel_line39/myALUoutDR/O15[0]"}]]]
resize_pblock [get_pblocks CLKAG_nolabel_line39/myALUoutDR/O15[0]] -add {CLOCKREGION_X0Y2:CLOCKREGION_X0Y2}
#endgroup

# Clock net "nolabel_line39/myALUoutDR/O16[0]" driven by instance "nolabel_line39/myALUoutDR/ram_reg[43][7]_i_2" located at site "SLICE_X11Y116"
#startgroup
create_pblock CLKAG_nolabel_line39/myALUoutDR/O16[0]
add_cells_to_pblock [get_pblocks  CLKAG_nolabel_line39/myALUoutDR/O16[0]] [get_cells  -filter { IS_PRIMITIVE==1 && PRIMITIVE_LEVEL !=INTERNAL } -of_object [get_pins -filter {DIRECTION==IN} -of_objects [get_nets -hierarchical -filter {PARENT=="nolabel_line39/myALUoutDR/O16[0]"}]]]
resize_pblock [get_pblocks CLKAG_nolabel_line39/myALUoutDR/O16[0]] -add {CLOCKREGION_X0Y2:CLOCKREGION_X0Y2}
#endgroup

# Clock net "nolabel_line39/myALUoutDR/O21[0]" driven by instance "nolabel_line39/myALUoutDR/ram_reg[27][7]_i_2" located at site "SLICE_X12Y111"
#startgroup
create_pblock CLKAG_nolabel_line39/myALUoutDR/O21[0]
add_cells_to_pblock [get_pblocks  CLKAG_nolabel_line39/myALUoutDR/O21[0]] [get_cells  -filter { IS_PRIMITIVE==1 && PRIMITIVE_LEVEL !=INTERNAL } -of_object [get_pins -filter {DIRECTION==IN} -of_objects [get_nets -hierarchical -filter {PARENT=="nolabel_line39/myALUoutDR/O21[0]"}]]]
resize_pblock [get_pblocks CLKAG_nolabel_line39/myALUoutDR/O21[0]] -add {CLOCKREGION_X0Y2:CLOCKREGION_X0Y2}
#endgroup

# Clock net "nolabel_line39/myALUoutDR/O22[0]" driven by instance "nolabel_line39/myALUoutDR/ram_reg[57][7]_i_2" located at site "SLICE_X15Y113"
#startgroup
create_pblock CLKAG_nolabel_line39/myALUoutDR/O22[0]
add_cells_to_pblock [get_pblocks  CLKAG_nolabel_line39/myALUoutDR/O22[0]] [get_cells  -filter { IS_PRIMITIVE==1 && PRIMITIVE_LEVEL !=INTERNAL } -of_object [get_pins -filter {DIRECTION==IN} -of_objects [get_nets -hierarchical -filter {PARENT=="nolabel_line39/myALUoutDR/O22[0]"}]]]
resize_pblock [get_pblocks CLKAG_nolabel_line39/myALUoutDR/O22[0]] -add {CLOCKREGION_X0Y2:CLOCKREGION_X0Y2}
#endgroup

# Clock net "nolabel_line39/myALUoutDR/O23[0]" driven by instance "nolabel_line39/myALUoutDR/ram_reg[15][7]_i_2" located at site "SLICE_X12Y109"
#startgroup
create_pblock CLKAG_nolabel_line39/myALUoutDR/O23[0]
add_cells_to_pblock [get_pblocks  CLKAG_nolabel_line39/myALUoutDR/O23[0]] [get_cells  -filter { IS_PRIMITIVE==1 && PRIMITIVE_LEVEL !=INTERNAL } -of_object [get_pins -filter {DIRECTION==IN} -of_objects [get_nets -hierarchical -filter {PARENT=="nolabel_line39/myALUoutDR/O23[0]"}]]]
resize_pblock [get_pblocks CLKAG_nolabel_line39/myALUoutDR/O23[0]] -add {CLOCKREGION_X0Y2:CLOCKREGION_X0Y2}
#endgroup

# Clock net "nolabel_line39/myALUoutDR/O24[0]" driven by instance "nolabel_line39/myALUoutDR/ram_reg[0][7]_i_2" located at site "SLICE_X18Y112"
#startgroup
create_pblock CLKAG_nolabel_line39/myALUoutDR/O24[0]
add_cells_to_pblock [get_pblocks  CLKAG_nolabel_line39/myALUoutDR/O24[0]] [get_cells  -filter { IS_PRIMITIVE==1 && PRIMITIVE_LEVEL !=INTERNAL } -of_object [get_pins -filter {DIRECTION==IN} -of_objects [get_nets -hierarchical -filter {PARENT=="nolabel_line39/myALUoutDR/O24[0]"}]]]
resize_pblock [get_pblocks CLKAG_nolabel_line39/myALUoutDR/O24[0]] -add {CLOCKREGION_X0Y2:CLOCKREGION_X0Y2}
#endgroup

# Clock net "nolabel_line39/myALUoutDR/O25[0]" driven by instance "nolabel_line39/myALUoutDR/ram_reg[31][7]_i_2" located at site "SLICE_X8Y109"
#startgroup
create_pblock CLKAG_nolabel_line39/myALUoutDR/O25[0]
add_cells_to_pblock [get_pblocks  CLKAG_nolabel_line39/myALUoutDR/O25[0]] [get_cells  -filter { IS_PRIMITIVE==1 && PRIMITIVE_LEVEL !=INTERNAL } -of_object [get_pins -filter {DIRECTION==IN} -of_objects [get_nets -hierarchical -filter {PARENT=="nolabel_line39/myALUoutDR/O25[0]"}]]]
resize_pblock [get_pblocks CLKAG_nolabel_line39/myALUoutDR/O25[0]] -add {CLOCKREGION_X0Y2:CLOCKREGION_X0Y2}
#endgroup

# Clock net "nolabel_line39/myALUoutDR/O26[0]" driven by instance "nolabel_line39/myALUoutDR/ram_reg[23][7]_i_2" located at site "SLICE_X8Y109"
#startgroup
create_pblock CLKAG_nolabel_line39/myALUoutDR/O26[0]
add_cells_to_pblock [get_pblocks  CLKAG_nolabel_line39/myALUoutDR/O26[0]] [get_cells  -filter { IS_PRIMITIVE==1 && PRIMITIVE_LEVEL !=INTERNAL } -of_object [get_pins -filter {DIRECTION==IN} -of_objects [get_nets -hierarchical -filter {PARENT=="nolabel_line39/myALUoutDR/O26[0]"}]]]
resize_pblock [get_pblocks CLKAG_nolabel_line39/myALUoutDR/O26[0]] -add {CLOCKREGION_X0Y2:CLOCKREGION_X0Y2}
#endgroup

# Clock net "nolabel_line39/myALUoutDR/O27[0]" driven by instance "nolabel_line39/myALUoutDR/ram_reg[49][7]_i_2" located at site "SLICE_X19Y110"
#startgroup
create_pblock CLKAG_nolabel_line39/myALUoutDR/O27[0]
add_cells_to_pblock [get_pblocks  CLKAG_nolabel_line39/myALUoutDR/O27[0]] [get_cells  -filter { IS_PRIMITIVE==1 && PRIMITIVE_LEVEL !=INTERNAL } -of_object [get_pins -filter {DIRECTION==IN} -of_objects [get_nets -hierarchical -filter {PARENT=="nolabel_line39/myALUoutDR/O27[0]"}]]]
resize_pblock [get_pblocks CLKAG_nolabel_line39/myALUoutDR/O27[0]] -add {CLOCKREGION_X0Y2:CLOCKREGION_X0Y2}
#endgroup

# Clock net "nolabel_line39/myALUoutDR/O29[0]" driven by instance "nolabel_line39/myALUoutDR/ram_reg[32][7]_i_2" located at site "SLICE_X6Y117"
#startgroup
create_pblock CLKAG_nolabel_line39/myALUoutDR/O29[0]
add_cells_to_pblock [get_pblocks  CLKAG_nolabel_line39/myALUoutDR/O29[0]] [get_cells  -filter { IS_PRIMITIVE==1 && PRIMITIVE_LEVEL !=INTERNAL } -of_object [get_pins -filter {DIRECTION==IN} -of_objects [get_nets -hierarchical -filter {PARENT=="nolabel_line39/myALUoutDR/O29[0]"}]]]
resize_pblock [get_pblocks CLKAG_nolabel_line39/myALUoutDR/O29[0]] -add {CLOCKREGION_X0Y2:CLOCKREGION_X0Y2}
#endgroup

# Clock net "nolabel_line39/myALUoutDR/O30[0]" driven by instance "nolabel_line39/myALUoutDR/ram_reg[41][7]_i_2" located at site "SLICE_X15Y117"
#startgroup
create_pblock CLKAG_nolabel_line39/myALUoutDR/O30[0]
add_cells_to_pblock [get_pblocks  CLKAG_nolabel_line39/myALUoutDR/O30[0]] [get_cells  -filter { IS_PRIMITIVE==1 && PRIMITIVE_LEVEL !=INTERNAL } -of_object [get_pins -filter {DIRECTION==IN} -of_objects [get_nets -hierarchical -filter {PARENT=="nolabel_line39/myALUoutDR/O30[0]"}]]]
resize_pblock [get_pblocks CLKAG_nolabel_line39/myALUoutDR/O30[0]] -add {CLOCKREGION_X0Y2:CLOCKREGION_X0Y2}
#endgroup

# Clock net "nolabel_line39/myALUoutDR/O33[0]" driven by instance "nolabel_line39/myALUoutDR/ram_reg[33][7]_i_2" located at site "SLICE_X17Y116"
#startgroup
create_pblock CLKAG_nolabel_line39/myALUoutDR/O33[0]
add_cells_to_pblock [get_pblocks  CLKAG_nolabel_line39/myALUoutDR/O33[0]] [get_cells  -filter { IS_PRIMITIVE==1 && PRIMITIVE_LEVEL !=INTERNAL } -of_object [get_pins -filter {DIRECTION==IN} -of_objects [get_nets -hierarchical -filter {PARENT=="nolabel_line39/myALUoutDR/O33[0]"}]]]
resize_pblock [get_pblocks CLKAG_nolabel_line39/myALUoutDR/O33[0]] -add {CLOCKREGION_X0Y2:CLOCKREGION_X0Y2}
#endgroup

# Clock net "nolabel_line39/myALUoutDR/O35[0]" driven by instance "nolabel_line39/myALUoutDR/ram_reg[16][7]_i_2" located at site "SLICE_X4Y115"
#startgroup
create_pblock CLKAG_nolabel_line39/myALUoutDR/O35[0]
add_cells_to_pblock [get_pblocks  CLKAG_nolabel_line39/myALUoutDR/O35[0]] [get_cells  -filter { IS_PRIMITIVE==1 && PRIMITIVE_LEVEL !=INTERNAL } -of_object [get_pins -filter {DIRECTION==IN} -of_objects [get_nets -hierarchical -filter {PARENT=="nolabel_line39/myALUoutDR/O35[0]"}]]]
resize_pblock [get_pblocks CLKAG_nolabel_line39/myALUoutDR/O35[0]] -add {CLOCKREGION_X0Y2:CLOCKREGION_X0Y2}
#endgroup

# Clock net "nolabel_line39/myALUoutDR/O38[0]" driven by instance "nolabel_line39/myALUoutDR/ram_reg[22][7]_i_2" located at site "SLICE_X4Y116"
#startgroup
create_pblock CLKAG_nolabel_line39/myALUoutDR/O38[0]
add_cells_to_pblock [get_pblocks  CLKAG_nolabel_line39/myALUoutDR/O38[0]] [get_cells  -filter { IS_PRIMITIVE==1 && PRIMITIVE_LEVEL !=INTERNAL } -of_object [get_pins -filter {DIRECTION==IN} -of_objects [get_nets -hierarchical -filter {PARENT=="nolabel_line39/myALUoutDR/O38[0]"}]]]
resize_pblock [get_pblocks CLKAG_nolabel_line39/myALUoutDR/O38[0]] -add {CLOCKREGION_X0Y2:CLOCKREGION_X0Y2}
#endgroup

# Clock net "nolabel_line39/myALUoutDR/O39[0]" driven by instance "nolabel_line39/myALUoutDR/ram_reg[35][7]_i_2" located at site "SLICE_X15Y117"
#startgroup
create_pblock CLKAG_nolabel_line39/myALUoutDR/O39[0]
add_cells_to_pblock [get_pblocks  CLKAG_nolabel_line39/myALUoutDR/O39[0]] [get_cells  -filter { IS_PRIMITIVE==1 && PRIMITIVE_LEVEL !=INTERNAL } -of_object [get_pins -filter {DIRECTION==IN} -of_objects [get_nets -hierarchical -filter {PARENT=="nolabel_line39/myALUoutDR/O39[0]"}]]]
resize_pblock [get_pblocks CLKAG_nolabel_line39/myALUoutDR/O39[0]] -add {CLOCKREGION_X0Y2:CLOCKREGION_X0Y2}
#endgroup

# Clock net "nolabel_line39/myALUoutDR/O42[0]" driven by instance "nolabel_line39/myALUoutDR/ram_reg[11][7]_i_2" located at site "SLICE_X17Y114"
#startgroup
create_pblock CLKAG_nolabel_line39/myALUoutDR/O42[0]
add_cells_to_pblock [get_pblocks  CLKAG_nolabel_line39/myALUoutDR/O42[0]] [get_cells  -filter { IS_PRIMITIVE==1 && PRIMITIVE_LEVEL !=INTERNAL } -of_object [get_pins -filter {DIRECTION==IN} -of_objects [get_nets -hierarchical -filter {PARENT=="nolabel_line39/myALUoutDR/O42[0]"}]]]
resize_pblock [get_pblocks CLKAG_nolabel_line39/myALUoutDR/O42[0]] -add {CLOCKREGION_X0Y2:CLOCKREGION_X0Y2}
#endgroup

# Clock net "nolabel_line39/myALUoutDR/O44[0]" driven by instance "nolabel_line39/myALUoutDR/ram_reg[8][7]_i_2" located at site "SLICE_X13Y117"
#startgroup
create_pblock CLKAG_nolabel_line39/myALUoutDR/O44[0]
add_cells_to_pblock [get_pblocks  CLKAG_nolabel_line39/myALUoutDR/O44[0]] [get_cells  -filter { IS_PRIMITIVE==1 && PRIMITIVE_LEVEL !=INTERNAL } -of_object [get_pins -filter {DIRECTION==IN} -of_objects [get_nets -hierarchical -filter {PARENT=="nolabel_line39/myALUoutDR/O44[0]"}]]]
resize_pblock [get_pblocks CLKAG_nolabel_line39/myALUoutDR/O44[0]] -add {CLOCKREGION_X0Y2:CLOCKREGION_X0Y2}
#endgroup

# Clock net "nolabel_line39/myALUoutDR/O45[0]" driven by instance "nolabel_line39/myALUoutDR/ram_reg[7][7]_i_2" located at site "SLICE_X13Y112"
#startgroup
create_pblock CLKAG_nolabel_line39/myALUoutDR/O45[0]
add_cells_to_pblock [get_pblocks  CLKAG_nolabel_line39/myALUoutDR/O45[0]] [get_cells  -filter { IS_PRIMITIVE==1 && PRIMITIVE_LEVEL !=INTERNAL } -of_object [get_pins -filter {DIRECTION==IN} -of_objects [get_nets -hierarchical -filter {PARENT=="nolabel_line39/myALUoutDR/O45[0]"}]]]
resize_pblock [get_pblocks CLKAG_nolabel_line39/myALUoutDR/O45[0]] -add {CLOCKREGION_X0Y2:CLOCKREGION_X0Y2}
#endgroup

# Clock net "nolabel_line39/myControlUnit/myDFlipFlop/E[0]" driven by instance "nolabel_line39/myControlUnit/myDFlipFlop/Nextstate_reg[2]_i_2" located at site "SLICE_X2Y79"
#startgroup
create_pblock CLKAG_nolabel_line39/myControlUnit/myDFlipFlop/E[0]
add_cells_to_pblock [get_pblocks  CLKAG_nolabel_line39/myControlUnit/myDFlipFlop/E[0]] [get_cells  -filter { IS_PRIMITIVE==1 && PRIMITIVE_LEVEL !=INTERNAL } -of_object [get_pins -filter {DIRECTION==IN} -of_objects [get_nets -hierarchical -filter {PARENT=="nolabel_line39/myControlUnit/myDFlipFlop/E[0]"}]]]
resize_pblock [get_pblocks CLKAG_nolabel_line39/myControlUnit/myDFlipFlop/E[0]] -add {CLOCKREGION_X0Y1:CLOCKREGION_X0Y1}
#endgroup

# Clock net "nolabel_line39/myControlUnit/myDFlipFlop/O24[0]" driven by instance "nolabel_line39/myControlUnit/myDFlipFlop/ram_reg[47][7]_i_2" located at site "SLICE_X6Y113"
#startgroup
create_pblock CLKAG_nolabel_line39/myControlUnit/myDFlipFlop/O24[0]
add_cells_to_pblock [get_pblocks  CLKAG_nolabel_line39/myControlUnit/myDFlipFlop/O24[0]] [get_cells  -filter { IS_PRIMITIVE==1 && PRIMITIVE_LEVEL !=INTERNAL } -of_object [get_pins -filter {DIRECTION==IN} -of_objects [get_nets -hierarchical -filter {PARENT=="nolabel_line39/myControlUnit/myDFlipFlop/O24[0]"}]]]
resize_pblock [get_pblocks CLKAG_nolabel_line39/myControlUnit/myDFlipFlop/O24[0]] -add {CLOCKREGION_X0Y2:CLOCKREGION_X0Y2}
#endgroup

# Clock net "nolabel_line39/myControlUnit/myDFlipFlop/O25[0]" driven by instance "nolabel_line39/myControlUnit/myDFlipFlop/ram_reg[58][7]_i_2" located at site "SLICE_X12Y118"
#startgroup
create_pblock CLKAG_nolabel_line39/myControlUnit/myDFlipFlop/O25[0]
add_cells_to_pblock [get_pblocks  CLKAG_nolabel_line39/myControlUnit/myDFlipFlop/O25[0]] [get_cells  -filter { IS_PRIMITIVE==1 && PRIMITIVE_LEVEL !=INTERNAL } -of_object [get_pins -filter {DIRECTION==IN} -of_objects [get_nets -hierarchical -filter {PARENT=="nolabel_line39/myControlUnit/myDFlipFlop/O25[0]"}]]]
resize_pblock [get_pblocks CLKAG_nolabel_line39/myControlUnit/myDFlipFlop/O25[0]] -add {CLOCKREGION_X0Y2:CLOCKREGION_X0Y2}
#endgroup

# Clock net "nolabel_line39/myControlUnit/myDFlipFlop/O26[0]" driven by instance "nolabel_line39/myControlUnit/myDFlipFlop/ram_reg[46][7]_i_2" located at site "SLICE_X7Y119"
#startgroup
create_pblock CLKAG_nolabel_line39/myControlUnit/myDFlipFlop/O26[0]
add_cells_to_pblock [get_pblocks  CLKAG_nolabel_line39/myControlUnit/myDFlipFlop/O26[0]] [get_cells  -filter { IS_PRIMITIVE==1 && PRIMITIVE_LEVEL !=INTERNAL } -of_object [get_pins -filter {DIRECTION==IN} -of_objects [get_nets -hierarchical -filter {PARENT=="nolabel_line39/myControlUnit/myDFlipFlop/O26[0]"}]]]
resize_pblock [get_pblocks CLKAG_nolabel_line39/myControlUnit/myDFlipFlop/O26[0]] -add {CLOCKREGION_X0Y2:CLOCKREGION_X0Y2}
#endgroup

# Clock net "nolabel_line39/myControlUnit/myDFlipFlop/O27[0]" driven by instance "nolabel_line39/myControlUnit/myDFlipFlop/ram_reg[45][7]_i_2" located at site "SLICE_X12Y115"
#startgroup
create_pblock CLKAG_nolabel_line39/myControlUnit/myDFlipFlop/O27[0]
add_cells_to_pblock [get_pblocks  CLKAG_nolabel_line39/myControlUnit/myDFlipFlop/O27[0]] [get_cells  -filter { IS_PRIMITIVE==1 && PRIMITIVE_LEVEL !=INTERNAL } -of_object [get_pins -filter {DIRECTION==IN} -of_objects [get_nets -hierarchical -filter {PARENT=="nolabel_line39/myControlUnit/myDFlipFlop/O27[0]"}]]]
resize_pblock [get_pblocks CLKAG_nolabel_line39/myControlUnit/myDFlipFlop/O27[0]] -add {CLOCKREGION_X0Y2:CLOCKREGION_X0Y2}
#endgroup

# Clock net "nolabel_line39/myControlUnit/myDFlipFlop/O28[0]" driven by instance "nolabel_line39/myControlUnit/myDFlipFlop/ram_reg[30][7]_i_2" located at site "SLICE_X7Y118"
#startgroup
create_pblock CLKAG_nolabel_line39/myControlUnit/myDFlipFlop/O28[0]
add_cells_to_pblock [get_pblocks  CLKAG_nolabel_line39/myControlUnit/myDFlipFlop/O28[0]] [get_cells  -filter { IS_PRIMITIVE==1 && PRIMITIVE_LEVEL !=INTERNAL } -of_object [get_pins -filter {DIRECTION==IN} -of_objects [get_nets -hierarchical -filter {PARENT=="nolabel_line39/myControlUnit/myDFlipFlop/O28[0]"}]]]
resize_pblock [get_pblocks CLKAG_nolabel_line39/myControlUnit/myDFlipFlop/O28[0]] -add {CLOCKREGION_X0Y2:CLOCKREGION_X0Y2}
#endgroup

# Clock net "nolabel_line39/myControlUnit/myDFlipFlop/O29[0]" driven by instance "nolabel_line39/myControlUnit/myDFlipFlop/ram_reg[29][7]_i_2" located at site "SLICE_X13Y112"
#startgroup
create_pblock CLKAG_nolabel_line39/myControlUnit/myDFlipFlop/O29[0]
add_cells_to_pblock [get_pblocks  CLKAG_nolabel_line39/myControlUnit/myDFlipFlop/O29[0]] [get_cells  -filter { IS_PRIMITIVE==1 && PRIMITIVE_LEVEL !=INTERNAL } -of_object [get_pins -filter {DIRECTION==IN} -of_objects [get_nets -hierarchical -filter {PARENT=="nolabel_line39/myControlUnit/myDFlipFlop/O29[0]"}]]]
resize_pblock [get_pblocks CLKAG_nolabel_line39/myControlUnit/myDFlipFlop/O29[0]] -add {CLOCKREGION_X0Y2:CLOCKREGION_X0Y2}
#endgroup

# Clock net "nolabel_line39/myControlUnit/myDFlipFlop/O30[0]" driven by instance "nolabel_line39/myControlUnit/myDFlipFlop/ram_reg[59][7]_i_2" located at site "SLICE_X19Y113"
#startgroup
create_pblock CLKAG_nolabel_line39/myControlUnit/myDFlipFlop/O30[0]
add_cells_to_pblock [get_pblocks  CLKAG_nolabel_line39/myControlUnit/myDFlipFlop/O30[0]] [get_cells  -filter { IS_PRIMITIVE==1 && PRIMITIVE_LEVEL !=INTERNAL } -of_object [get_pins -filter {DIRECTION==IN} -of_objects [get_nets -hierarchical -filter {PARENT=="nolabel_line39/myControlUnit/myDFlipFlop/O30[0]"}]]]
resize_pblock [get_pblocks CLKAG_nolabel_line39/myControlUnit/myDFlipFlop/O30[0]] -add {CLOCKREGION_X0Y2:CLOCKREGION_X0Y2}
#endgroup

# Clock net "nolabel_line39/myControlUnit/myDFlipFlop/O31[0]" driven by instance "nolabel_line39/myControlUnit/myDFlipFlop/ram_reg[55][7]_i_2" located at site "SLICE_X7Y113"
#startgroup
create_pblock CLKAG_nolabel_line39/myControlUnit/myDFlipFlop/O31[0]
add_cells_to_pblock [get_pblocks  CLKAG_nolabel_line39/myControlUnit/myDFlipFlop/O31[0]] [get_cells  -filter { IS_PRIMITIVE==1 && PRIMITIVE_LEVEL !=INTERNAL } -of_object [get_pins -filter {DIRECTION==IN} -of_objects [get_nets -hierarchical -filter {PARENT=="nolabel_line39/myControlUnit/myDFlipFlop/O31[0]"}]]]
resize_pblock [get_pblocks CLKAG_nolabel_line39/myControlUnit/myDFlipFlop/O31[0]] -add {CLOCKREGION_X0Y2:CLOCKREGION_X0Y2}
#endgroup

# Clock net "nolabel_line39/myControlUnit/myDFlipFlop/O32[0]" driven by instance "nolabel_line39/myControlUnit/myDFlipFlop/ram_reg[39][7]_i_2" located at site "SLICE_X7Y113"
#startgroup
create_pblock CLKAG_nolabel_line39/myControlUnit/myDFlipFlop/O32[0]
add_cells_to_pblock [get_pblocks  CLKAG_nolabel_line39/myControlUnit/myDFlipFlop/O32[0]] [get_cells  -filter { IS_PRIMITIVE==1 && PRIMITIVE_LEVEL !=INTERNAL } -of_object [get_pins -filter {DIRECTION==IN} -of_objects [get_nets -hierarchical -filter {PARENT=="nolabel_line39/myControlUnit/myDFlipFlop/O32[0]"}]]]
resize_pblock [get_pblocks CLKAG_nolabel_line39/myControlUnit/myDFlipFlop/O32[0]] -add {CLOCKREGION_X0Y2:CLOCKREGION_X0Y2}
#endgroup

# Clock net "nolabel_line39/myControlUnit/myDFlipFlop/O33[0]" driven by instance "nolabel_line39/myControlUnit/myDFlipFlop/ram_reg[44][7]_i_2" located at site "SLICE_X12Y117"
#startgroup
create_pblock CLKAG_nolabel_line39/myControlUnit/myDFlipFlop/O33[0]
add_cells_to_pblock [get_pblocks  CLKAG_nolabel_line39/myControlUnit/myDFlipFlop/O33[0]] [get_cells  -filter { IS_PRIMITIVE==1 && PRIMITIVE_LEVEL !=INTERNAL } -of_object [get_pins -filter {DIRECTION==IN} -of_objects [get_nets -hierarchical -filter {PARENT=="nolabel_line39/myControlUnit/myDFlipFlop/O33[0]"}]]]
resize_pblock [get_pblocks CLKAG_nolabel_line39/myControlUnit/myDFlipFlop/O33[0]] -add {CLOCKREGION_X0Y2:CLOCKREGION_X0Y2}
#endgroup

# Clock net "nolabel_line39/myControlUnit/myDFlipFlop/O34[0]" driven by instance "nolabel_line39/myControlUnit/myDFlipFlop/ram_reg[42][7]_i_2" located at site "SLICE_X12Y116"
#startgroup
create_pblock CLKAG_nolabel_line39/myControlUnit/myDFlipFlop/O34[0]
add_cells_to_pblock [get_pblocks  CLKAG_nolabel_line39/myControlUnit/myDFlipFlop/O34[0]] [get_cells  -filter { IS_PRIMITIVE==1 && PRIMITIVE_LEVEL !=INTERNAL } -of_object [get_pins -filter {DIRECTION==IN} -of_objects [get_nets -hierarchical -filter {PARENT=="nolabel_line39/myControlUnit/myDFlipFlop/O34[0]"}]]]
resize_pblock [get_pblocks CLKAG_nolabel_line39/myControlUnit/myDFlipFlop/O34[0]] -add {CLOCKREGION_X0Y2:CLOCKREGION_X0Y2}
#endgroup

# Clock net "nolabel_line39/myControlUnit/myDFlipFlop/O35[0]" driven by instance "nolabel_line39/myControlUnit/myDFlipFlop/ram_reg[38][7]_i_2" located at site "SLICE_X7Y116"
#startgroup
create_pblock CLKAG_nolabel_line39/myControlUnit/myDFlipFlop/O35[0]
add_cells_to_pblock [get_pblocks  CLKAG_nolabel_line39/myControlUnit/myDFlipFlop/O35[0]] [get_cells  -filter { IS_PRIMITIVE==1 && PRIMITIVE_LEVEL !=INTERNAL } -of_object [get_pins -filter {DIRECTION==IN} -of_objects [get_nets -hierarchical -filter {PARENT=="nolabel_line39/myControlUnit/myDFlipFlop/O35[0]"}]]]
resize_pblock [get_pblocks CLKAG_nolabel_line39/myControlUnit/myDFlipFlop/O35[0]] -add {CLOCKREGION_X0Y2:CLOCKREGION_X0Y2}
#endgroup

# Clock net "nolabel_line39/myControlUnit/myDFlipFlop/O36[0]" driven by instance "nolabel_line39/myControlUnit/myDFlipFlop/ram_reg[56][7]_i_2" located at site "SLICE_X12Y113"
#startgroup
create_pblock CLKAG_nolabel_line39/myControlUnit/myDFlipFlop/O36[0]
add_cells_to_pblock [get_pblocks  CLKAG_nolabel_line39/myControlUnit/myDFlipFlop/O36[0]] [get_cells  -filter { IS_PRIMITIVE==1 && PRIMITIVE_LEVEL !=INTERNAL } -of_object [get_pins -filter {DIRECTION==IN} -of_objects [get_nets -hierarchical -filter {PARENT=="nolabel_line39/myControlUnit/myDFlipFlop/O36[0]"}]]]
resize_pblock [get_pblocks CLKAG_nolabel_line39/myControlUnit/myDFlipFlop/O36[0]] -add {CLOCKREGION_X0Y2:CLOCKREGION_X0Y2}
#endgroup

# Clock net "nolabel_line39/myControlUnit/myDFlipFlop/O37[0]" driven by instance "nolabel_line39/myControlUnit/myDFlipFlop/ram_reg[40][7]_i_2" located at site "SLICE_X12Y114"
#startgroup
create_pblock CLKAG_nolabel_line39/myControlUnit/myDFlipFlop/O37[0]
add_cells_to_pblock [get_pblocks  CLKAG_nolabel_line39/myControlUnit/myDFlipFlop/O37[0]] [get_cells  -filter { IS_PRIMITIVE==1 && PRIMITIVE_LEVEL !=INTERNAL } -of_object [get_pins -filter {DIRECTION==IN} -of_objects [get_nets -hierarchical -filter {PARENT=="nolabel_line39/myControlUnit/myDFlipFlop/O37[0]"}]]]
resize_pblock [get_pblocks CLKAG_nolabel_line39/myControlUnit/myDFlipFlop/O37[0]] -add {CLOCKREGION_X0Y2:CLOCKREGION_X0Y2}
#endgroup

# Clock net "nolabel_line39/myControlUnit/myDFlipFlop/O38[0]" driven by instance "nolabel_line39/myControlUnit/myDFlipFlop/ram_reg[28][7]_i_2" located at site "SLICE_X6Y116"
#startgroup
create_pblock CLKAG_nolabel_line39/myControlUnit/myDFlipFlop/O38[0]
add_cells_to_pblock [get_pblocks  CLKAG_nolabel_line39/myControlUnit/myDFlipFlop/O38[0]] [get_cells  -filter { IS_PRIMITIVE==1 && PRIMITIVE_LEVEL !=INTERNAL } -of_object [get_pins -filter {DIRECTION==IN} -of_objects [get_nets -hierarchical -filter {PARENT=="nolabel_line39/myControlUnit/myDFlipFlop/O38[0]"}]]]
resize_pblock [get_pblocks CLKAG_nolabel_line39/myControlUnit/myDFlipFlop/O38[0]] -add {CLOCKREGION_X0Y2:CLOCKREGION_X0Y2}
#endgroup

# Clock net "nolabel_line39/myControlUnit/myDFlipFlop/O39[0]" driven by instance "nolabel_line39/myControlUnit/myDFlipFlop/ram_reg[26][7]_i_2" located at site "SLICE_X8Y118"
#startgroup
create_pblock CLKAG_nolabel_line39/myControlUnit/myDFlipFlop/O39[0]
add_cells_to_pblock [get_pblocks  CLKAG_nolabel_line39/myControlUnit/myDFlipFlop/O39[0]] [get_cells  -filter { IS_PRIMITIVE==1 && PRIMITIVE_LEVEL !=INTERNAL } -of_object [get_pins -filter {DIRECTION==IN} -of_objects [get_nets -hierarchical -filter {PARENT=="nolabel_line39/myControlUnit/myDFlipFlop/O39[0]"}]]]
resize_pblock [get_pblocks CLKAG_nolabel_line39/myControlUnit/myDFlipFlop/O39[0]] -add {CLOCKREGION_X0Y2:CLOCKREGION_X0Y2}
#endgroup

# Clock net "nolabel_line39/myControlUnit/myDFlipFlop/O40[0]" driven by instance "nolabel_line39/myControlUnit/myDFlipFlop/ram_reg[25][7]_i_2" located at site "SLICE_X7Y116"
#startgroup
create_pblock CLKAG_nolabel_line39/myControlUnit/myDFlipFlop/O40[0]
add_cells_to_pblock [get_pblocks  CLKAG_nolabel_line39/myControlUnit/myDFlipFlop/O40[0]] [get_cells  -filter { IS_PRIMITIVE==1 && PRIMITIVE_LEVEL !=INTERNAL } -of_object [get_pins -filter {DIRECTION==IN} -of_objects [get_nets -hierarchical -filter {PARENT=="nolabel_line39/myControlUnit/myDFlipFlop/O40[0]"}]]]
resize_pblock [get_pblocks CLKAG_nolabel_line39/myControlUnit/myDFlipFlop/O40[0]] -add {CLOCKREGION_X0Y2:CLOCKREGION_X0Y2}
#endgroup

# Clock net "nolabel_line39/myControlUnit/myDFlipFlop/O41[0]" driven by instance "nolabel_line39/myControlUnit/myDFlipFlop/ram_reg[36][7]_i_2" located at site "SLICE_X12Y115"
#startgroup
create_pblock CLKAG_nolabel_line39/myControlUnit/myDFlipFlop/O41[0]
add_cells_to_pblock [get_pblocks  CLKAG_nolabel_line39/myControlUnit/myDFlipFlop/O41[0]] [get_cells  -filter { IS_PRIMITIVE==1 && PRIMITIVE_LEVEL !=INTERNAL } -of_object [get_pins -filter {DIRECTION==IN} -of_objects [get_nets -hierarchical -filter {PARENT=="nolabel_line39/myControlUnit/myDFlipFlop/O41[0]"}]]]
resize_pblock [get_pblocks CLKAG_nolabel_line39/myControlUnit/myDFlipFlop/O41[0]] -add {CLOCKREGION_X0Y2:CLOCKREGION_X0Y2}
#endgroup

# Clock net "nolabel_line39/myControlUnit/myDFlipFlop/O42[0]" driven by instance "nolabel_line39/myControlUnit/myDFlipFlop/ram_reg[20][7]_i_2" located at site "SLICE_X13Y117"
#startgroup
create_pblock CLKAG_nolabel_line39/myControlUnit/myDFlipFlop/O42[0]
add_cells_to_pblock [get_pblocks  CLKAG_nolabel_line39/myControlUnit/myDFlipFlop/O42[0]] [get_cells  -filter { IS_PRIMITIVE==1 && PRIMITIVE_LEVEL !=INTERNAL } -of_object [get_pins -filter {DIRECTION==IN} -of_objects [get_nets -hierarchical -filter {PARENT=="nolabel_line39/myControlUnit/myDFlipFlop/O42[0]"}]]]
resize_pblock [get_pblocks CLKAG_nolabel_line39/myControlUnit/myDFlipFlop/O42[0]] -add {CLOCKREGION_X0Y2:CLOCKREGION_X0Y2}
#endgroup

# Clock net "nolabel_line39/myControlUnit/myDFlipFlop/O43[0]" driven by instance "nolabel_line39/myControlUnit/myDFlipFlop/ram_reg[48][7]_i_2" located at site "SLICE_X7Y116"
#startgroup
create_pblock CLKAG_nolabel_line39/myControlUnit/myDFlipFlop/O43[0]
add_cells_to_pblock [get_pblocks  CLKAG_nolabel_line39/myControlUnit/myDFlipFlop/O43[0]] [get_cells  -filter { IS_PRIMITIVE==1 && PRIMITIVE_LEVEL !=INTERNAL } -of_object [get_pins -filter {DIRECTION==IN} -of_objects [get_nets -hierarchical -filter {PARENT=="nolabel_line39/myControlUnit/myDFlipFlop/O43[0]"}]]]
resize_pblock [get_pblocks CLKAG_nolabel_line39/myControlUnit/myDFlipFlop/O43[0]] -add {CLOCKREGION_X0Y2:CLOCKREGION_X0Y2}
#endgroup

# Clock net "nolabel_line39/myControlUnit/myDFlipFlop/O44[0]" driven by instance "nolabel_line39/myControlUnit/myDFlipFlop/ram_reg[34][7]_i_2" located at site "SLICE_X7Y116"
#startgroup
create_pblock CLKAG_nolabel_line39/myControlUnit/myDFlipFlop/O44[0]
add_cells_to_pblock [get_pblocks  CLKAG_nolabel_line39/myControlUnit/myDFlipFlop/O44[0]] [get_cells  -filter { IS_PRIMITIVE==1 && PRIMITIVE_LEVEL !=INTERNAL } -of_object [get_pins -filter {DIRECTION==IN} -of_objects [get_nets -hierarchical -filter {PARENT=="nolabel_line39/myControlUnit/myDFlipFlop/O44[0]"}]]]
resize_pblock [get_pblocks CLKAG_nolabel_line39/myControlUnit/myDFlipFlop/O44[0]] -add {CLOCKREGION_X0Y2:CLOCKREGION_X0Y2}
#endgroup

# Clock net "nolabel_line39/myControlUnit/myDFlipFlop/O45[0]" driven by instance "nolabel_line39/myControlUnit/myDFlipFlop/ram_reg[18][7]_i_2" located at site "SLICE_X6Y117"
#startgroup
create_pblock CLKAG_nolabel_line39/myControlUnit/myDFlipFlop/O45[0]
add_cells_to_pblock [get_pblocks  CLKAG_nolabel_line39/myControlUnit/myDFlipFlop/O45[0]] [get_cells  -filter { IS_PRIMITIVE==1 && PRIMITIVE_LEVEL !=INTERNAL } -of_object [get_pins -filter {DIRECTION==IN} -of_objects [get_nets -hierarchical -filter {PARENT=="nolabel_line39/myControlUnit/myDFlipFlop/O45[0]"}]]]
resize_pblock [get_pblocks CLKAG_nolabel_line39/myControlUnit/myDFlipFlop/O45[0]] -add {CLOCKREGION_X0Y2:CLOCKREGION_X0Y2}
#endgroup

# Clock net "nolabel_line39/myControlUnit/myDFlipFlop/O46[0]" driven by instance "nolabel_line39/myControlUnit/myDFlipFlop/ram_reg[17][7]_i_2" located at site "SLICE_X17Y118"
#startgroup
create_pblock CLKAG_nolabel_line39/myControlUnit/myDFlipFlop/O46[0]
add_cells_to_pblock [get_pblocks  CLKAG_nolabel_line39/myControlUnit/myDFlipFlop/O46[0]] [get_cells  -filter { IS_PRIMITIVE==1 && PRIMITIVE_LEVEL !=INTERNAL } -of_object [get_pins -filter {DIRECTION==IN} -of_objects [get_nets -hierarchical -filter {PARENT=="nolabel_line39/myControlUnit/myDFlipFlop/O46[0]"}]]]
resize_pblock [get_pblocks CLKAG_nolabel_line39/myControlUnit/myDFlipFlop/O46[0]] -add {CLOCKREGION_X0Y2:CLOCKREGION_X0Y2}
#endgroup

# Clock net "nolabel_line39/myControlUnit/myDFlipFlop/O47[0]" driven by instance "nolabel_line39/myControlUnit/myDFlipFlop/ram_reg[24][7]_i_2" located at site "SLICE_X13Y118"
#startgroup
create_pblock CLKAG_nolabel_line39/myControlUnit/myDFlipFlop/O47[0]
add_cells_to_pblock [get_pblocks  CLKAG_nolabel_line39/myControlUnit/myDFlipFlop/O47[0]] [get_cells  -filter { IS_PRIMITIVE==1 && PRIMITIVE_LEVEL !=INTERNAL } -of_object [get_pins -filter {DIRECTION==IN} -of_objects [get_nets -hierarchical -filter {PARENT=="nolabel_line39/myControlUnit/myDFlipFlop/O47[0]"}]]]
resize_pblock [get_pblocks CLKAG_nolabel_line39/myControlUnit/myDFlipFlop/O47[0]] -add {CLOCKREGION_X0Y2:CLOCKREGION_X0Y2}
#endgroup

# Clock net "nolabel_line39/myControlUnit/myDFlipFlop/O48[0]" driven by instance "nolabel_line39/myControlUnit/myDFlipFlop/ram_reg[10][7]_i_2" located at site "SLICE_X13Y118"
#startgroup
create_pblock CLKAG_nolabel_line39/myControlUnit/myDFlipFlop/O48[0]
add_cells_to_pblock [get_pblocks  CLKAG_nolabel_line39/myControlUnit/myDFlipFlop/O48[0]] [get_cells  -filter { IS_PRIMITIVE==1 && PRIMITIVE_LEVEL !=INTERNAL } -of_object [get_pins -filter {DIRECTION==IN} -of_objects [get_nets -hierarchical -filter {PARENT=="nolabel_line39/myControlUnit/myDFlipFlop/O48[0]"}]]]
resize_pblock [get_pblocks CLKAG_nolabel_line39/myControlUnit/myDFlipFlop/O48[0]] -add {CLOCKREGION_X0Y2:CLOCKREGION_X0Y2}
#endgroup

# Clock net "nolabel_line39/myControlUnit/myDFlipFlop/O49[0]" driven by instance "nolabel_line39/myControlUnit/myDFlipFlop/ram_reg[52][7]_i_2" located at site "SLICE_X13Y118"
#startgroup
create_pblock CLKAG_nolabel_line39/myControlUnit/myDFlipFlop/O49[0]
add_cells_to_pblock [get_pblocks  CLKAG_nolabel_line39/myControlUnit/myDFlipFlop/O49[0]] [get_cells  -filter { IS_PRIMITIVE==1 && PRIMITIVE_LEVEL !=INTERNAL } -of_object [get_pins -filter {DIRECTION==IN} -of_objects [get_nets -hierarchical -filter {PARENT=="nolabel_line39/myControlUnit/myDFlipFlop/O49[0]"}]]]
resize_pblock [get_pblocks CLKAG_nolabel_line39/myControlUnit/myDFlipFlop/O49[0]] -add {CLOCKREGION_X0Y2:CLOCKREGION_X0Y2}
#endgroup

# Clock net "nolabel_line39/myControlUnit/myDFlipFlop/O4[0]" driven by instance "nolabel_line39/myControlUnit/myDFlipFlop/ram_reg[54][7]_i_2" located at site "SLICE_X14Y120"
#startgroup
create_pblock CLKAG_nolabel_line39/myControlUnit/myDFlipFlop/O4[0]
add_cells_to_pblock [get_pblocks  CLKAG_nolabel_line39/myControlUnit/myDFlipFlop/O4[0]] [get_cells  -filter { IS_PRIMITIVE==1 && PRIMITIVE_LEVEL !=INTERNAL } -of_object [get_pins -filter {DIRECTION==IN} -of_objects [get_nets -hierarchical -filter {PARENT=="nolabel_line39/myControlUnit/myDFlipFlop/O4[0]"}]]]
resize_pblock [get_pblocks CLKAG_nolabel_line39/myControlUnit/myDFlipFlop/O4[0]] -add {CLOCKREGION_X0Y2:CLOCKREGION_X0Y2}
#endgroup

# Clock net "nolabel_line39/myControlUnit/myDFlipFlop/O50[0]" driven by instance "nolabel_line39/myControlUnit/myDFlipFlop/ram_reg[50][7]_i_2" located at site "SLICE_X6Y114"
#startgroup
create_pblock CLKAG_nolabel_line39/myControlUnit/myDFlipFlop/O50[0]
add_cells_to_pblock [get_pblocks  CLKAG_nolabel_line39/myControlUnit/myDFlipFlop/O50[0]] [get_cells  -filter { IS_PRIMITIVE==1 && PRIMITIVE_LEVEL !=INTERNAL } -of_object [get_pins -filter {DIRECTION==IN} -of_objects [get_nets -hierarchical -filter {PARENT=="nolabel_line39/myControlUnit/myDFlipFlop/O50[0]"}]]]
resize_pblock [get_pblocks CLKAG_nolabel_line39/myControlUnit/myDFlipFlop/O50[0]] -add {CLOCKREGION_X0Y2:CLOCKREGION_X0Y2}
#endgroup

# Clock net "nolabel_line39/myControlUnit/myDFlipFlop/O51[0]" driven by instance "nolabel_line39/myControlUnit/myDFlipFlop/ram_reg[19][7]_i_2" located at site "SLICE_X9Y118"
#startgroup
create_pblock CLKAG_nolabel_line39/myControlUnit/myDFlipFlop/O51[0]
add_cells_to_pblock [get_pblocks  CLKAG_nolabel_line39/myControlUnit/myDFlipFlop/O51[0]] [get_cells  -filter { IS_PRIMITIVE==1 && PRIMITIVE_LEVEL !=INTERNAL } -of_object [get_pins -filter {DIRECTION==IN} -of_objects [get_nets -hierarchical -filter {PARENT=="nolabel_line39/myControlUnit/myDFlipFlop/O51[0]"}]]]
resize_pblock [get_pblocks CLKAG_nolabel_line39/myControlUnit/myDFlipFlop/O51[0]] -add {CLOCKREGION_X0Y2:CLOCKREGION_X0Y2}
#endgroup

# Clock net "nolabel_line39/myControlUnit/myDFlipFlop/O52[0]" driven by instance "nolabel_line39/myControlUnit/myDFlipFlop/ram_reg[37][7]_i_2" located at site "SLICE_X16Y116"
#startgroup
create_pblock CLKAG_nolabel_line39/myControlUnit/myDFlipFlop/O52[0]
add_cells_to_pblock [get_pblocks  CLKAG_nolabel_line39/myControlUnit/myDFlipFlop/O52[0]] [get_cells  -filter { IS_PRIMITIVE==1 && PRIMITIVE_LEVEL !=INTERNAL } -of_object [get_pins -filter {DIRECTION==IN} -of_objects [get_nets -hierarchical -filter {PARENT=="nolabel_line39/myControlUnit/myDFlipFlop/O52[0]"}]]]
resize_pblock [get_pblocks CLKAG_nolabel_line39/myControlUnit/myDFlipFlop/O52[0]] -add {CLOCKREGION_X0Y2:CLOCKREGION_X0Y2}
#endgroup

# Clock net "nolabel_line39/myControlUnit/myDFlipFlop/O53[0]" driven by instance "nolabel_line39/myControlUnit/myDFlipFlop/ram_reg[21][7]_i_2" located at site "SLICE_X13Y114"
#startgroup
create_pblock CLKAG_nolabel_line39/myControlUnit/myDFlipFlop/O53[0]
add_cells_to_pblock [get_pblocks  CLKAG_nolabel_line39/myControlUnit/myDFlipFlop/O53[0]] [get_cells  -filter { IS_PRIMITIVE==1 && PRIMITIVE_LEVEL !=INTERNAL } -of_object [get_pins -filter {DIRECTION==IN} -of_objects [get_nets -hierarchical -filter {PARENT=="nolabel_line39/myControlUnit/myDFlipFlop/O53[0]"}]]]
resize_pblock [get_pblocks CLKAG_nolabel_line39/myControlUnit/myDFlipFlop/O53[0]] -add {CLOCKREGION_X0Y2:CLOCKREGION_X0Y2}
#endgroup

# Clock net "nolabel_line39/myControlUnit/myDFlipFlop/O54[0]" driven by instance "nolabel_line39/myControlUnit/myDFlipFlop/ram_reg[4][7]_i_2" located at site "SLICE_X15Y116"
#startgroup
create_pblock CLKAG_nolabel_line39/myControlUnit/myDFlipFlop/O54[0]
add_cells_to_pblock [get_pblocks  CLKAG_nolabel_line39/myControlUnit/myDFlipFlop/O54[0]] [get_cells  -filter { IS_PRIMITIVE==1 && PRIMITIVE_LEVEL !=INTERNAL } -of_object [get_pins -filter {DIRECTION==IN} -of_objects [get_nets -hierarchical -filter {PARENT=="nolabel_line39/myControlUnit/myDFlipFlop/O54[0]"}]]]
resize_pblock [get_pblocks CLKAG_nolabel_line39/myControlUnit/myDFlipFlop/O54[0]] -add {CLOCKREGION_X0Y2:CLOCKREGION_X0Y2}
#endgroup

# Clock net "nolabel_line39/myControlUnit/myDFlipFlop/O55[0]" driven by instance "nolabel_line39/myControlUnit/myDFlipFlop/ram_reg[14][7]_i_2" located at site "SLICE_X14Y115"
#startgroup
create_pblock CLKAG_nolabel_line39/myControlUnit/myDFlipFlop/O55[0]
add_cells_to_pblock [get_pblocks  CLKAG_nolabel_line39/myControlUnit/myDFlipFlop/O55[0]] [get_cells  -filter { IS_PRIMITIVE==1 && PRIMITIVE_LEVEL !=INTERNAL } -of_object [get_pins -filter {DIRECTION==IN} -of_objects [get_nets -hierarchical -filter {PARENT=="nolabel_line39/myControlUnit/myDFlipFlop/O55[0]"}]]]
resize_pblock [get_pblocks CLKAG_nolabel_line39/myControlUnit/myDFlipFlop/O55[0]] -add {CLOCKREGION_X0Y2:CLOCKREGION_X0Y2}
#endgroup

# Clock net "nolabel_line39/myControlUnit/myDFlipFlop/O56[0]" driven by instance "nolabel_line39/myControlUnit/myDFlipFlop/ram_reg[6][7]_i_2" located at site "SLICE_X12Y116"
#startgroup
create_pblock CLKAG_nolabel_line39/myControlUnit/myDFlipFlop/O56[0]
add_cells_to_pblock [get_pblocks  CLKAG_nolabel_line39/myControlUnit/myDFlipFlop/O56[0]] [get_cells  -filter { IS_PRIMITIVE==1 && PRIMITIVE_LEVEL !=INTERNAL } -of_object [get_pins -filter {DIRECTION==IN} -of_objects [get_nets -hierarchical -filter {PARENT=="nolabel_line39/myControlUnit/myDFlipFlop/O56[0]"}]]]
resize_pblock [get_pblocks CLKAG_nolabel_line39/myControlUnit/myDFlipFlop/O56[0]] -add {CLOCKREGION_X0Y2:CLOCKREGION_X0Y2}
#endgroup

# Clock net "nolabel_line39/myControlUnit/myDFlipFlop/O57[0]" driven by instance "nolabel_line39/myControlUnit/myDFlipFlop/ram_reg[5][7]_i_2" located at site "SLICE_X16Y110"
#startgroup
create_pblock CLKAG_nolabel_line39/myControlUnit/myDFlipFlop/O57[0]
add_cells_to_pblock [get_pblocks  CLKAG_nolabel_line39/myControlUnit/myDFlipFlop/O57[0]] [get_cells  -filter { IS_PRIMITIVE==1 && PRIMITIVE_LEVEL !=INTERNAL } -of_object [get_pins -filter {DIRECTION==IN} -of_objects [get_nets -hierarchical -filter {PARENT=="nolabel_line39/myControlUnit/myDFlipFlop/O57[0]"}]]]
resize_pblock [get_pblocks CLKAG_nolabel_line39/myControlUnit/myDFlipFlop/O57[0]] -add {CLOCKREGION_X0Y2:CLOCKREGION_X0Y2}
#endgroup

# Clock net "nolabel_line39/myControlUnit/myDFlipFlop/O58[0]" driven by instance "nolabel_line39/myControlUnit/myDFlipFlop/ram_reg[13][7]_i_2" located at site "SLICE_X13Y111"
#startgroup
create_pblock CLKAG_nolabel_line39/myControlUnit/myDFlipFlop/O58[0]
add_cells_to_pblock [get_pblocks  CLKAG_nolabel_line39/myControlUnit/myDFlipFlop/O58[0]] [get_cells  -filter { IS_PRIMITIVE==1 && PRIMITIVE_LEVEL !=INTERNAL } -of_object [get_pins -filter {DIRECTION==IN} -of_objects [get_nets -hierarchical -filter {PARENT=="nolabel_line39/myControlUnit/myDFlipFlop/O58[0]"}]]]
resize_pblock [get_pblocks CLKAG_nolabel_line39/myControlUnit/myDFlipFlop/O58[0]] -add {CLOCKREGION_X0Y2:CLOCKREGION_X0Y2}
#endgroup

# Clock net "nolabel_line39/myControlUnit/myDFlipFlop/O59[0]" driven by instance "nolabel_line39/myControlUnit/myDFlipFlop/ram_reg[12][7]_i_2" located at site "SLICE_X15Y116"
#startgroup
create_pblock CLKAG_nolabel_line39/myControlUnit/myDFlipFlop/O59[0]
add_cells_to_pblock [get_pblocks  CLKAG_nolabel_line39/myControlUnit/myDFlipFlop/O59[0]] [get_cells  -filter { IS_PRIMITIVE==1 && PRIMITIVE_LEVEL !=INTERNAL } -of_object [get_pins -filter {DIRECTION==IN} -of_objects [get_nets -hierarchical -filter {PARENT=="nolabel_line39/myControlUnit/myDFlipFlop/O59[0]"}]]]
resize_pblock [get_pblocks CLKAG_nolabel_line39/myControlUnit/myDFlipFlop/O59[0]] -add {CLOCKREGION_X0Y2:CLOCKREGION_X0Y2}
#endgroup

# Clock net "nolabel_line39/myControlUnit/myDFlipFlop/O60[0]" driven by instance "nolabel_line39/myControlUnit/myDFlipFlop/ram_reg[9][7]_i_2" located at site "SLICE_X16Y115"
#startgroup
create_pblock CLKAG_nolabel_line39/myControlUnit/myDFlipFlop/O60[0]
add_cells_to_pblock [get_pblocks  CLKAG_nolabel_line39/myControlUnit/myDFlipFlop/O60[0]] [get_cells  -filter { IS_PRIMITIVE==1 && PRIMITIVE_LEVEL !=INTERNAL } -of_object [get_pins -filter {DIRECTION==IN} -of_objects [get_nets -hierarchical -filter {PARENT=="nolabel_line39/myControlUnit/myDFlipFlop/O60[0]"}]]]
resize_pblock [get_pblocks CLKAG_nolabel_line39/myControlUnit/myDFlipFlop/O60[0]] -add {CLOCKREGION_X0Y2:CLOCKREGION_X0Y2}
#endgroup

# Clock net "nolabel_line39/myControlUnit/myDFlipFlop/O61[0]" driven by instance "nolabel_line39/myControlUnit/myDFlipFlop/ram_reg[3][7]_i_2" located at site "SLICE_X18Y113"
#startgroup
create_pblock CLKAG_nolabel_line39/myControlUnit/myDFlipFlop/O61[0]
add_cells_to_pblock [get_pblocks  CLKAG_nolabel_line39/myControlUnit/myDFlipFlop/O61[0]] [get_cells  -filter { IS_PRIMITIVE==1 && PRIMITIVE_LEVEL !=INTERNAL } -of_object [get_pins -filter {DIRECTION==IN} -of_objects [get_nets -hierarchical -filter {PARENT=="nolabel_line39/myControlUnit/myDFlipFlop/O61[0]"}]]]
resize_pblock [get_pblocks CLKAG_nolabel_line39/myControlUnit/myDFlipFlop/O61[0]] -add {CLOCKREGION_X0Y2:CLOCKREGION_X0Y2}
#endgroup

# Clock net "nolabel_line39/myControlUnit/myDFlipFlop/O62[0]" driven by instance "nolabel_line39/myControlUnit/myDFlipFlop/ram_reg[2][7]_i_2" located at site "SLICE_X14Y117"
#startgroup
create_pblock CLKAG_nolabel_line39/myControlUnit/myDFlipFlop/O62[0]
add_cells_to_pblock [get_pblocks  CLKAG_nolabel_line39/myControlUnit/myDFlipFlop/O62[0]] [get_cells  -filter { IS_PRIMITIVE==1 && PRIMITIVE_LEVEL !=INTERNAL } -of_object [get_pins -filter {DIRECTION==IN} -of_objects [get_nets -hierarchical -filter {PARENT=="nolabel_line39/myControlUnit/myDFlipFlop/O62[0]"}]]]
resize_pblock [get_pblocks CLKAG_nolabel_line39/myControlUnit/myDFlipFlop/O62[0]] -add {CLOCKREGION_X0Y2:CLOCKREGION_X0Y2}
#endgroup

# Clock net "nolabel_line39/myControlUnit/myDFlipFlop/O63[0]" driven by instance "nolabel_line39/myControlUnit/myDFlipFlop/ram_reg[1][7]_i_2" located at site "SLICE_X19Y109"
#startgroup
create_pblock CLKAG_nolabel_line39/myControlUnit/myDFlipFlop/O63[0]
add_cells_to_pblock [get_pblocks  CLKAG_nolabel_line39/myControlUnit/myDFlipFlop/O63[0]] [get_cells  -filter { IS_PRIMITIVE==1 && PRIMITIVE_LEVEL !=INTERNAL } -of_object [get_pins -filter {DIRECTION==IN} -of_objects [get_nets -hierarchical -filter {PARENT=="nolabel_line39/myControlUnit/myDFlipFlop/O63[0]"}]]]
resize_pblock [get_pblocks CLKAG_nolabel_line39/myControlUnit/myDFlipFlop/O63[0]] -add {CLOCKREGION_X0Y2:CLOCKREGION_X0Y2}
#endgroup

# Clock net "nolabel_line39/myIR/I237[0]" driven by instance "nolabel_line39/myIR/ALUOp_reg[2]_i_2" located at site "SLICE_X11Y85"
#startgroup
create_pblock CLKAG_nolabel_line39/myIR/I237[0]
add_cells_to_pblock [get_pblocks  CLKAG_nolabel_line39/myIR/I237[0]] [get_cells  -filter { IS_PRIMITIVE==1 && PRIMITIVE_LEVEL !=INTERNAL } -of_object [get_pins -filter {DIRECTION==IN} -of_objects [get_nets -hierarchical -filter {PARENT=="nolabel_line39/myIR/I237[0]"}]]]
resize_pblock [get_pblocks CLKAG_nolabel_line39/myIR/I237[0]] -add {CLOCKREGION_X0Y1:CLOCKREGION_X0Y1}
#endgroup
